[html.cwsthemes.com/suntour/index04b9.html]
[backblue.gif]
[fade.gif]
[index.html]
[html.cwsthemes.com/suntour/css/reset.css]
[html.cwsthemes.com/suntour/css/bootstrap.css]
[html.cwsthemes.com/suntour/css/font-awesome.css]
[html.cwsthemes.com/suntour/css/owl.carousel.css]
[html.cwsthemes.com/suntour/css/jquery.fancybox.css]
[html.cwsthemes.com/suntour/fonts/fi/flaticon.css]
[html.cwsthemes.com/suntour/css/flexslider.css]
[html.cwsthemes.com/suntour/css/main.css]
[html.cwsthemes.com/suntour/css/indent.css]
[html.cwsthemes.com/suntour/rs-plugin/css/settings.css]
[html.cwsthemes.com/suntour/rs-plugin/css/layers.css]
[html.cwsthemes.com/suntour/rs-plugin/css/navigation.css]
[html.cwsthemes.com/suntour/tuner/css/colorpicker.css]
[html.cwsthemes.com/suntour/tuner/css/styles.css]
[html.cwsthemes.com/suntour/index.html]
[html.cwsthemes.com/suntour/img/logo.png]
[html.cwsthemes.com/suntour/index-search.html]
[html.cwsthemes.com/suntour/index-slider.html]
[html.cwsthemes.com/suntour/index-video.html]
[html.cwsthemes.com/suntour/hotels-search.html]
[html.cwsthemes.com/suntour/hotels-list.html]
[html.cwsthemes.com/suntour/hotels-details.html]
[html.cwsthemes.com/suntour/page-about-us.html]
[html.cwsthemes.com/suntour/page-services.html]
[html.cwsthemes.com/suntour/page-procces.html]
[html.cwsthemes.com/suntour/page-our-team.html]
[html.cwsthemes.com/suntour/page-profile.html]
[html.cwsthemes.com/suntour/page-elements.html]
[html.cwsthemes.com/suntour/portfolio-3-col.html]
[html.cwsthemes.com/suntour/portfolio-4-col.html]
[html.cwsthemes.com/suntour/portfolio-masonry.html]
[html.cwsthemes.com/suntour/portfolio-with-sidebar.html]
[html.cwsthemes.com/suntour/portfolio-gallery.html]
[html.cwsthemes.com/suntour/page-portfolio-single.html]
[html.cwsthemes.com/suntour/blog-2-col-sidebar.html]
[html.cwsthemes.com/suntour/blog-3-col.html]
[html.cwsthemes.com/suntour/blog-4-col.html]
[html.cwsthemes.com/suntour/blog-single.html]
[html.cwsthemes.com/suntour/blog-grid.html]
[html.cwsthemes.com/suntour/blog-list.html]
[html.cwsthemes.com/suntour/shop-grid.html]
[html.cwsthemes.com/suntour/shop-cart.html]
[html.cwsthemes.com/suntour/shop-checkout.html]
[html.cwsthemes.com/suntour/shop-single.html]
[html.cwsthemes.com/suntour/page-contact.html]
[html.cwsthemes.com/suntour/rs-plugin/assets/loader.gif]
[html.cwsthemes.com/suntour/pic/slider-info-1.jpg]
[html.cwsthemes.com/suntour/pic/slider-info-2.jpg]
[html.cwsthemes.com/suntour/pic/slider-info-3.jpg]
[html.cwsthemes.com/suntour/pic/slider-info-4.jpg]
[html.cwsthemes.com/suntour/pic/promo-1.png]
[html.cwsthemes.com/suntour/pic/tours/1.jpg]
[html.cwsthemes.com/suntour/pic/tours/2.jpg]
[html.cwsthemes.com/suntour/pic/tours/3.jpg]
[html.cwsthemes.com/suntour/pic/tours/4.jpg]
[html.cwsthemes.com/suntour/pic/tours/5.jpg]
[html.cwsthemes.com/suntour/pic/tours/6.jpg]
[html.cwsthemes.com/suntour/pic/tours/7.jpg]
[html.cwsthemes.com/suntour/pic/tours/8.jpg]
[html.cwsthemes.com/suntour/pic/parallax-1.jpg]
[html.cwsthemes.com/suntour/pic/recomended/1.jpg]
[html.cwsthemes.com/suntour/pic/recomended/2.jpg]
[html.cwsthemes.com/suntour/pic/recomended/3.jpg]
[html.cwsthemes.com/suntour/pic/recomended/4.jpg]
[html.cwsthemes.com/suntour/pic/recomended/5.jpg]
[html.cwsthemes.com/suntour/pic/recomended/6.jpg]
[html.cwsthemes.com/suntour/pic/parallax-2.jpg]
[html.cwsthemes.com/suntour/pic/testimonial/top-bg/1.jpg]
[html.cwsthemes.com/suntour/pic/testimonial/author/1.jpg]
[html.cwsthemes.com/suntour/pic/testimonial/top-bg/2.jpg]
[html.cwsthemes.com/suntour/pic/testimonial/author/2.jpg]
[html.cwsthemes.com/suntour/pic/testimonial/top-bg/3.jpg]
[html.cwsthemes.com/suntour/pic/testimonial/author/3.jpg]
[html.cwsthemes.com/suntour/pic/portfolio/580x285-1@2x.jpg]
[html.cwsthemes.com/suntour/pic/portfolio/580x285-1.jpg]
[html.cwsthemes.com/suntour/pic/portfolio/285x285-1@2x.jpg]
[html.cwsthemes.com/suntour/pic/portfolio/285x285-1.jpg]
[html.cwsthemes.com/suntour/pic/portfolio/285x285-2@2x.jpg]
[html.cwsthemes.com/suntour/pic/portfolio/285x285-2.jpg]
[html.cwsthemes.com/suntour/pic/portfolio/285x285-3@2x.jpg]
[html.cwsthemes.com/suntour/pic/portfolio/285x285-3.jpg]
[html.cwsthemes.com/suntour/pic/portfolio/285x285-4@2x.jpg]
[html.cwsthemes.com/suntour/pic/portfolio/285x285-4.jpg]
[html.cwsthemes.com/suntour/pic/portfolio/285x285-5@2x.jpg]
[html.cwsthemes.com/suntour/pic/portfolio/285x285-5.jpg]
[html.cwsthemes.com/suntour/pic/portfolio/285x285-6@2x.jpg]
[html.cwsthemes.com/suntour/pic/portfolio/285x285-6.jpg]
[html.cwsthemes.com/suntour/pic/portfolio/285x285-7@2x.jpg]
[html.cwsthemes.com/suntour/pic/portfolio/285x285-7.jpg]
[html.cwsthemes.com/suntour/pic/portfolio/285x285-8@2x.jpg]
[html.cwsthemes.com/suntour/pic/portfolio/285x285-8.jpg]
[html.cwsthemes.com/suntour/pic/portfolio/580x285-2@2x.jpg]
[html.cwsthemes.com/suntour/pic/portfolio/580x285-2.jpg]
[html.cwsthemes.com/suntour/pic/parallax-3.jpg]
[html.cwsthemes.com/suntour/pic/blog/270x270/1.jpg]
[html.cwsthemes.com/suntour/pic/blog/270x270/2.jpg]
[html.cwsthemes.com/suntour/pic/blog/270x270/3.jpg]
[html.cwsthemes.com/suntour/pic/footer/footer-bg.jpg]
[html.cwsthemes.com/suntour/img/logo-white.png]
[html.cwsthemes.com/suntour/pic/news-popup.jpg]
[html.cwsthemes.com/suntour/js/jquery.min.js]
[html.cwsthemes.com/suntour/js/bootstrap.js]
[html.cwsthemes.com/suntour/js/owl.carousel.js]
[html.cwsthemes.com/suntour/js/jquery.sticky.js]
[html.cwsthemes.com/suntour/js/cws_parallax.js]
[html.cwsthemes.com/suntour/js/jquery-ui.min.js]
[html.cwsthemes.com/suntour/js/jquery.fancybox.pack.js]
[html.cwsthemes.com/suntour/js/jquery.fancybox-media.js]
[html.cwsthemes.com/suntour/js/TweenMax.min.js]
[html.cwsthemes.com/suntour/js/imagesloaded.pkgd.min.js]
[html.cwsthemes.com/suntour/js/isotope.pkgd.min.js]
[html.cwsthemes.com/suntour/js/masonry.pkgd.min.js]
[html.cwsthemes.com/suntour/rs-plugin/js/extensions/revolution.extension.slideanims.min.js]
[html.cwsthemes.com/suntour/rs-plugin/js/jquery.themepunch.revolution.min.js]
[html.cwsthemes.com/suntour/rs-plugin/js/extensions/revolution.extension.layeranimation.min.js]
[html.cwsthemes.com/suntour/rs-plugin/js/extensions/revolution.extension.parallax.min.js]
[html.cwsthemes.com/suntour/rs-plugin/js/extensions/revolution.extension.navigation.min.js]
[html.cwsthemes.com/suntour/rs-plugin/js/jquery.themepunch.tools.min.js]
[html.cwsthemes.com/suntour/rs-plugin/js/extensions/revolution.extension.video.min.js]
[html.cwsthemes.com/suntour/rs-plugin/js/extensions/revolution.extension.actions.min.js]
[html.cwsthemes.com/suntour/rs-plugin/js/extensions/revolution.extension.kenburn.min.js]
[html.cwsthemes.com/suntour/rs-plugin/js/extensions/revolution.extension.migration.min.js]
[html.cwsthemes.com/suntour/js/jquery.validate.min.js]
[html.cwsthemes.com/suntour/js/jquery.form.min.js]
[html.cwsthemes.com/suntour/js/script.js]
[html.cwsthemes.com/suntour/js/bg-video/cws_self_vimeo_bg.js]
[html.cwsthemes.com/suntour/js/bg-video/jquery.vimeo.api.min.js]
[html.cwsthemes.com/suntour/js/bg-video/cws_YT_bg.js]
[html.cwsthemes.com/suntour/js/jquery.tweet.js]
[html.cwsthemes.com/suntour/js/jquery.scrollTo.min.js]
[html.cwsthemes.com/suntour/js/jquery.flexslider.js]
[html.cwsthemes.com/suntour/tuner/js/colorpicker.js]
[html.cwsthemes.com/suntour/tuner/js/scripts.js]
[html.cwsthemes.com/suntour/index04b9.html]
[html.cwsthemes.com/suntour/css/reset.css]
[html.cwsthemes.com/suntour/js/retina.min.js]
[html.cwsthemes.com/suntour/fonts/glyphicons-halflings-regular.eot]
[html.cwsthemes.com/suntour/fonts/glyphicons-halflings-regular.woff2]
[html.cwsthemes.com/suntour/fonts/glyphicons-halflings-regulard41d.eot]
[html.cwsthemes.com/suntour/fonts/glyphicons-halflings-regular.woff]
[html.cwsthemes.com/suntour/css/bootstrap.css]
[html.cwsthemes.com/suntour/fonts/glyphicons-halflings-regular.svg]
[html.cwsthemes.com/suntour/fonts/fontawesome-webfont3295.eot]
[html.cwsthemes.com/suntour/fonts/fontawesome-webfontd41d.eot]
[html.cwsthemes.com/suntour/fonts/fontawesome-webfont3295.woff2]
[html.cwsthemes.com/suntour/fonts/glyphicons-halflings-regular.ttf]
[html.cwsthemes.com/suntour/fonts/fontawesome-webfont3295.woff]
[html.cwsthemes.com/suntour/css/font-awesome.css]
[html.cwsthemes.com/suntour/css/grabbing.png]
[html.cwsthemes.com/suntour/css/owl.carousel.css]
[html.cwsthemes.com/suntour/img/fancybox_sprite.png]
[html.cwsthemes.com/suntour/fonts/fontawesome-webfont3295.svg]
[html.cwsthemes.com/suntour/img/fancybox_loading.gif]
[html.cwsthemes.com/suntour/img/blank.gif]
[html.cwsthemes.com/suntour/img/fancybox_overlay.png]
[html.cwsthemes.com/suntour/fonts/fontawesome-webfont3295.ttf]
[html.cwsthemes.com/suntour/img/fancybox_sprite@2x.png]
[html.cwsthemes.com/suntour/img/fancybox_loading@2x.gif]
[html.cwsthemes.com/suntour/css/jquery.fancybox.css]
[html.cwsthemes.com/suntour/fonts/fi/Flaticon.eot]
[html.cwsthemes.com/suntour/fonts/fi/Flaticond41d.eot]
[html.cwsthemes.com/suntour/fonts/fi/Flaticon.woff]
[html.cwsthemes.com/suntour/fonts/fi/Flaticon.ttf]
[html.cwsthemes.com/suntour/fonts/fi/flaticon.css]
[html.cwsthemes.com/suntour/fonts/fi/Flaticon.svg]
[html.cwsthemes.com/suntour/fonts/flexslider-icon.eot]
[html.cwsthemes.com/suntour/fonts/flexslider-icond41d.eot]
[html.cwsthemes.com/suntour/css/fonts/flexslider-icon.woff]
[html.cwsthemes.com/suntour/css/fonts/flexslider-icon.ttf]
[html.cwsthemes.com/suntour/css/fonts/flexslider-icon.svg]
[html.cwsthemes.com/suntour/css/flexslider.css]
[html.cwsthemes.com/suntour/img/pattern5.png]
[html.cwsthemes.com/suntour/img/bg-1.jpg]
[html.cwsthemes.com/suntour/pic/1920x1280-benefits.jpg]
[html.cwsthemes.com/suntour/pic/1920-img-4.jpg]
[html.cwsthemes.com/suntour/img/pattern.png]
[html.cwsthemes.com/suntour/pic/3.jpg]
[html.cwsthemes.com/suntour/pic/1920-img-2.jpg]
[html.cwsthemes.com/suntour/img/select-gray.png]
[html.cwsthemes.com/suntour/css/main.css]
[html.cwsthemes.com/suntour/css/indent.css]
[html.cwsthemes.com/suntour/rs-plugin/fonts/revicons/revicons90c6.eot]
[html.cwsthemes.com/suntour/rs-plugin/fonts/revicons/revicons90c6.woff]
[html.cwsthemes.com/suntour/rs-plugin/fonts/revicons/revicons90c6.svg]
[html.cwsthemes.com/suntour/rs-plugin/fonts/revicons/revicons90c6.ttf]
[html.cwsthemes.com/suntour/rs-plugin/assets/gridtile.png]
[html.cwsthemes.com/suntour/rs-plugin/assets/gridtile_white.png]
[html.cwsthemes.com/suntour/rs-plugin/assets/gridtile_3x3.png]
[html.cwsthemes.com/suntour/rs-plugin/assets/gridtile_3x3_white.png]
[html.cwsthemes.com/suntour/rs-plugin/assets/coloredbg.png]
[html.cwsthemes.com/suntour/rs-plugin/css/settings.css]
[html.cwsthemes.com/suntour/rs-plugin/css/layers.css]
[html.cwsthemes.com/suntour/rs-plugin/css/navigation.css]
[html.cwsthemes.com/suntour/tuner/images/colorpicker_background.png]
[html.cwsthemes.com/suntour/tuner/images/colorpicker_overlay.png]
[html.cwsthemes.com/suntour/tuner/images/colorpicker_select.gif]
[html.cwsthemes.com/suntour/tuner/images/colorpicker_indic.gif]
[html.cwsthemes.com/suntour/tuner/images/colorpicker_hex.png]
[html.cwsthemes.com/suntour/tuner/images/colorpicker_rgb_r.png]
[html.cwsthemes.com/suntour/tuner/images/colorpicker_rgb_g.png]
[html.cwsthemes.com/suntour/tuner/images/colorpicker_rgb_b.png]
[html.cwsthemes.com/suntour/tuner/images/colorpicker_hsb_h.png]
[html.cwsthemes.com/suntour/tuner/images/colorpicker_hsb_s.png]
[html.cwsthemes.com/suntour/tuner/images/colorpicker_hsb_b.png]
[html.cwsthemes.com/suntour/tuner/images/colorpicker_submit.png]
[html.cwsthemes.com/suntour/tuner/css/colorpicker.css]
[html.cwsthemes.com/suntour/tuner/css/styles.css]
[html.cwsthemes.com/suntour/index.html]
[html.cwsthemes.com/suntour/index-search.html]
[html.cwsthemes.com/suntour/index-slider.html]
[html.cwsthemes.com/suntour/index-video.html]
[html.cwsthemes.com/suntour/pic/breadcrumbs/bg-1.jpg]
[html.cwsthemes.com/suntour/hotels-search.html]
[html.cwsthemes.com/suntour/hotels-list.html]
[html.cwsthemes.com/suntour/pic/breadcrumbs/bg-2.jpg]
[html.cwsthemes.com/suntour/pic/flexslider/l-1.jpg]
[html.cwsthemes.com/suntour/pic/flexslider/l-2.jpg]
[html.cwsthemes.com/suntour/pic/flexslider/l-3.jpg]
[html.cwsthemes.com/suntour/pic/flexslider/l-4.jpg]
[html.cwsthemes.com/suntour/pic/flexslider/l-5.jpg]
[html.cwsthemes.com/suntour/pic/flexslider/l-6.jpg]
[html.cwsthemes.com/suntour/pic/flexslider/l-7.jpg]
[html.cwsthemes.com/suntour/pic/flexslider/l-8.jpg]
[html.cwsthemes.com/suntour/pic/flexslider/l-9.jpg]
[html.cwsthemes.com/suntour/pic/flexslider/1@2x.jpg]
[html.cwsthemes.com/suntour/pic/flexslider/2.jpg]
[html.cwsthemes.com/suntour/pic/flexslider/3.jpg]
[html.cwsthemes.com/suntour/pic/flexslider/4.jpg]
[html.cwsthemes.com/suntour/pic/flexslider/5.jpg]
[html.cwsthemes.com/suntour/pic/flexslider/6.jpg]
[html.cwsthemes.com/suntour/pic/flexslider/7@2x.jpg]
[html.cwsthemes.com/suntour/pic/flexslider/8@2x.jpg]
[html.cwsthemes.com/suntour/pic/flexslider/9.jpg]
[html.cwsthemes.com/suntour/pic/flexslider/1.jpg]
[html.cwsthemes.com/suntour/pic/190x130.jpg]
[html.cwsthemes.com/suntour/pic/blog/90x90/1.jpg]
[html.cwsthemes.com/suntour/pic/blog/90x90/2.jpg]
[html.cwsthemes.com/suntour/pic/blog/120x120.jpg]
[html.cwsthemes.com/suntour/hotels-details.html]
[html.cwsthemes.com/suntour/pic/parallax-4.jpg]
[html.cwsthemes.com/suntour/pic/promo-2.png]
[html.cwsthemes.com/suntour/pic/parallax-5.jpg]
[html.cwsthemes.com/suntour/pic/team/1.jpg]
[html.cwsthemes.com/suntour/pic/team/2.jpg]
[html.cwsthemes.com/suntour/pic/team/3.jpg]
[html.cwsthemes.com/suntour/page-about-us.html]
[html.cwsthemes.com/suntour/pic/promo-2.jpg]
[html.cwsthemes.com/suntour/page-services.html]
[html.cwsthemes.com/suntour/pic/promo-6.jpg]
[html.cwsthemes.com/suntour/page-procces.html]
[html.cwsthemes.com/suntour/pic/promo-7.jpg]
[html.cwsthemes.com/suntour/pic/team/4.jpg]
[html.cwsthemes.com/suntour/pic/team/5.jpg]
[html.cwsthemes.com/suntour/pic/team/6.jpg]
[html.cwsthemes.com/suntour/pic/promo-8.jpg]
[html.cwsthemes.com/suntour/page-our-team.html]
[html.cwsthemes.com/suntour/pic/team/350x350-1.jpg]
[html.cwsthemes.com/suntour/pic/team/350x350-1@2x.jpg]
[html.cwsthemes.com/suntour/page-profile.html]
[html.cwsthemes.com/suntour/page-elements.html]
[html.cwsthemes.com/suntour/pic/portfolio/370x310/1.jpg]
[html.cwsthemes.com/suntour/pic/portfolio/370x310/1@2x.jpg]
[html.cwsthemes.com/suntour/pic/portfolio/370x310/2.jpg]
[html.cwsthemes.com/suntour/pic/portfolio/370x310/2@2x.jpg]
[html.cwsthemes.com/suntour/pic/portfolio/370x310/3.jpg]
[html.cwsthemes.com/suntour/pic/portfolio/370x310/3@2x.jpg]
[html.cwsthemes.com/suntour/pic/portfolio/370x310/4.jpg]
[html.cwsthemes.com/suntour/pic/portfolio/370x310/4@2x.jpg]
[html.cwsthemes.com/suntour/pic/portfolio/370x310/5.jpg]
[html.cwsthemes.com/suntour/pic/portfolio/370x310/5@2x.jpg]
[html.cwsthemes.com/suntour/pic/portfolio/370x310/7.jpg]
[html.cwsthemes.com/suntour/pic/portfolio/370x310/7@2x.jpg]
[html.cwsthemes.com/suntour/portfolio-3-col.html]
[html.cwsthemes.com/suntour/pic/portfolio/370x310/6.jpg]
[html.cwsthemes.com/suntour/pic/portfolio/370x310/6@2x.jpg]
[html.cwsthemes.com/suntour/pic/portfolio/370x310/8.jpg]
[html.cwsthemes.com/suntour/pic/portfolio/370x310/8@2x.jpg]
[html.cwsthemes.com/suntour/portfolio-4-col.html]
[html.cwsthemes.com/suntour/pic/portfolio/370x620-1.jpg]
[html.cwsthemes.com/suntour/pic/portfolio/370x620-1@2x.jpg]
[html.cwsthemes.com/suntour/pic/portfolio/370x620-3.jpg]
[html.cwsthemes.com/suntour/pic/portfolio/370x620-3@2x.jpg]
[html.cwsthemes.com/suntour/pic/portfolio/370x620-2.jpg]
[html.cwsthemes.com/suntour/pic/portfolio/370x620-2@2x.jpg]
[html.cwsthemes.com/suntour/portfolio-masonry.html]
[html.cwsthemes.com/suntour/pic/portfolio/370x310/9.jpg]
[html.cwsthemes.com/suntour/pic/portfolio/370x310/9@2x.jpg]
[html.cwsthemes.com/suntour/portfolio-with-sidebar.html]
[html.cwsthemes.com/suntour/portfolio-gallery.html]
[html.cwsthemes.com/suntour/page-portfolio-single.html]
[html.cwsthemes.com/suntour/pic/blog/270x270/1@2x.jpg]
[html.cwsthemes.com/suntour/pic/blog/270x270/2@2x.jpg]
[html.cwsthemes.com/suntour/pic/blog/270x270/3@2x.jpg]
[html.cwsthemes.com/suntour/pic/blog/270x270/4@2x.jpg]
[html.cwsthemes.com/suntour/pic/blog/270x270/5@2x.jpg]
[html.cwsthemes.com/suntour/pic/blog/270x270/6@2x.jpg]
[html.cwsthemes.com/suntour/pic/blog/80x80/1.jpg]
[html.cwsthemes.com/suntour/pic/blog/80x80/2.jpg]
[html.cwsthemes.com/suntour/pic/blog/80x80/3.jpg]
[html.cwsthemes.com/suntour/pic/blog/80x80/4.jpg]
[html.cwsthemes.com/suntour/blog-2-col-sidebar.html]
[html.cwsthemes.com/suntour/blog-3-col.html]
[html.cwsthemes.com/suntour/pic/blog/270x270/4.jpg]
[html.cwsthemes.com/suntour/pic/blog/270x270/5.jpg]
[html.cwsthemes.com/suntour/pic/blog/270x270/6.jpg]
[html.cwsthemes.com/suntour/pic/blog/270x270/7.jpg]
[html.cwsthemes.com/suntour/pic/blog/270x270/8.jpg]
[html.cwsthemes.com/suntour/blog-4-col.html]
[html.cwsthemes.com/suntour/pic/blog/770x370.jpg]
[html.cwsthemes.com/suntour/blog-single.html]
[html.cwsthemes.com/suntour/blog-grid.html]
[html.cwsthemes.com/suntour/blog-list.html]
[html.cwsthemes.com/suntour/pic/shop/70x60/1.jpg]
[html.cwsthemes.com/suntour/pic/shop/70x60/2.jpg]
[html.cwsthemes.com/suntour/pic/shop/70x60/3.jpg]
[html.cwsthemes.com/suntour/shop-grid.html]
[html.cwsthemes.com/suntour/pic/shop/240x300/4.jpg]
[html.cwsthemes.com/suntour/pic/shop/240x300/3.jpg]
[html.cwsthemes.com/suntour/pic/shop/240x300/5.jpg]
[html.cwsthemes.com/suntour/shop-cart.html]
[www.paypalobjects.com/webstatic/mktg/Logo/AM_mc_vs_ms_ae_UK.png]
[html.cwsthemes.com/suntour/shop-checkout.html]
[html.cwsthemes.com/suntour/pic/shop/270x380-1@2x.jpg]
[html.cwsthemes.com/suntour/pic/shop/270x380-1.jpg]
[html.cwsthemes.com/suntour/pic/shop/80x113/1-l.jpg]
[html.cwsthemes.com/suntour/pic/shop/80x113/1.jpg]
[html.cwsthemes.com/suntour/pic/shop/80x113/2-l.jpg]
[html.cwsthemes.com/suntour/pic/shop/80x113/2.jpg]
[html.cwsthemes.com/suntour/pic/shop/80x113/3-l.jpg]
[html.cwsthemes.com/suntour/pic/shop/80x113/3.jpg]
[html.cwsthemes.com/suntour/shop-single.html]
[html.cwsthemes.com/suntour/page-contact.html]
[html.cwsthemes.com/suntour/fonts/glyphicons-halflings-regular.svg]
[html.cwsthemes.com/suntour/fonts/fontawesome-webfont3295.html]
[html.cwsthemes.com/suntour/fonts/fontawesome-webfont3295.svg]
[html.cwsthemes.com/suntour/css/grabbing.html]
[html.cwsthemes.com/suntour/img/blank.html]
[html.cwsthemes.com/suntour/fonts/fi/Flaticon.svg]
[html.cwsthemes.com/suntour/css/fonts/flexslider-icon.html]
[html.cwsthemes.com/suntour/css/fonts/flexslider-icon-2.html]
[html.cwsthemes.com/suntour/css/fonts/flexslider-icon-3.html]
[html.cwsthemes.com/suntour/pic/1920x1280-benefits.html]
[html.cwsthemes.com/suntour/img/pattern.html]
[html.cwsthemes.com/suntour/pic/3.html]
[html.cwsthemes.com/suntour/pic/1920-img-2.html]
[html.cwsthemes.com/suntour/rs-plugin/fonts/revicons/revicons90c6.svg]
[html.cwsthemes.com/suntour/rs-plugin/css/openhand.html]
[html.cwsthemes.com/suntour/rs-plugin/css/closedhand.html]
